I'm sorry, but errors were detected in your script. Please correct the
errors listed below, and try again.


File "game/script.rpy", line 23: end of line expected.
    add "dinjo normal.png":
                          ^

Ren'Py Version: Ren'Py 8.3.7.25031702
Fri Jun 13 20:00:10 2025
